qsh_camera_aon_front_1.json
qsh_camera_common.json
sm8635_default_sensors.json
sm8635_dynamic_sensors.json
sm8635_irq.json
sm8635_power_0.json
sns_amd.json
sns_amd_sw_disabled.json
sns_amd_sw_enabled.json
sns_ccd_v1_0_amd.json
sns_ccd_v1_0_ttw.json
sns_ccd_v2_0_walk.json
sns_ccd_v3_0_walk.json
sns_ccd_v3_1_walk.json
sns_ccd_v4_0_sensors.json
sns_ccd_v4_0_te_cd_regs.json
sns_ccd_v5.json
sns_ccd_v5_0_te_cd_regs.json
sns_ccd_v5_1_te_cd_regs.json
sns_cm.json
sns_dae.json
sns_diag_filter.json
sns_direct_channel.json
sns_distance_bound.json
sns_dpc.json
sns_facing.json
sns_fmv.json
sns_fmv_legacy.json
sns_geomag_rv.json
sns_gyro_cal.json
sns_mag_cal.json
sns_mag_cal_legacy.json
sns_offbody_detect_phone.json
sns_pedometer.json
sns_rmd.json
sns_rotv.json
sns_smd.json
sns_tilt.json
sns_tilt_sw_disabled.json
sns_tilt_sw_enabled.json
sns_tilt_to_wake.json
sm8635_lsm6dsv_0.json
sm8635_bmi26x_0.json
sm8635_tsl2522_fb_0.json
qmc6308_0.json
sm8635_qmc6308_0.json
sm8635_hx903x_0.json
ak7323.json
sm8635_ak7323.json
gt9786.json
sm8635_gt9786.json
sns_gyro_cal_dynamic.json
sns_device_orient.json
sns_nonui.json
sns_aod.json
sns_sar_algo.json
sns_sar_algo_1.json
sns_dbtap.json
sns_screen_down.json
sns_collision_detection.json
sns_pointing_light_source.json
chre_dynamic_sensors.json
